
Scenario: Reflective with examples
	Given step with <first example> passed as parameter   
	Given step with <second example> accessed via property

Examples: 
| FirstExample | SecondExample |
| 1            | foo           |
| 2            | bar           |

