Wrong type: System.Object cannot be assigned to Int32