
Scenario: Run examples with fluent api
	Given there are <start> cucumbers  
	When I eat <eat> cucumbers         
	Then I should have <left> cucumbers

Examples: 
|        | Start | Eat | Left | Errors                                                                                      |
| Passed | 12    | 5   | 7    |                                                                                             |
| Failed | 20    | 5   | 17   | Step: Then I should have <left> cucumbers failed with exception: Expected: 17,  But was: 15 |

